// Jest Snapshot v1, https://goo.gl/fbAQLP

exports[`modules/SignInRoute should redirect to /private for authenticated access 1`] = `"<div id=\\"redirect\\" data-reactroot=\\"\\"></div>"`;

exports[`modules/SignInRoute should render the Login component for unauthenticated access 1`] = `"<div data-reactroot=\\"\\">LOGIN</div>"`;
