// Jest Snapshot v1, https://goo.gl/fbAQLP

exports[`modules/DashboardRoute should allow navigation for authenticated access 1`] = `"<div data-reactroot=\\"\\">PRIVATE</div>"`;

exports[`modules/DashboardRoute should redirect for unauthenticated access 1`] = `"<div id=\\"redirect\\" data-reactroot=\\"\\"></div>"`;
